2025-12-02 07:02:33,655 - INFO - 📂 讀取檔案: /home/aru/AI_LAW/04_向量化與索引/structured_summaries_with_chunks.jsonl
2025-12-02 07:02:33,655 - INFO - ✅ 已連接到 Neo4j: neo4j+s://9af962f9.databases.neo4j.io
2025-12-02 07:02:33,673 - INFO - 📊 開始處理 76183 個 chunks
2025-12-02 07:02:48,907 - ERROR - ❌ JSON 解析錯誤 (第 216 行): Expecting value: line 1 column 1 (char 0)
2025-12-02 07:03:34,167 - INFO - ✅ 已處理: 1000/76183 (成功: 999, 失敗: 1)
2025-12-02 07:04:29,439 - INFO - ✅ 已處理: 2000/76183 (成功: 1999, 失敗: 1)
2025-12-02 07:05:23,777 - INFO - ✅ 已處理: 3000/76183 (成功: 2999, 失敗: 1)
2025-12-02 07:06:18,639 - INFO - ✅ 已處理: 4000/76183 (成功: 3999, 失敗: 1)
2025-12-02 07:07:13,819 - INFO - ✅ 已處理: 5000/76183 (成功: 4999, 失敗: 1)
2025-12-02 07:08:09,009 - INFO - ✅ 已處理: 6000/76183 (成功: 5999, 失敗: 1)
2025-12-02 07:09:04,061 - INFO - ✅ 已處理: 7000/76183 (成功: 6999, 失敗: 1)
2025-12-02 07:09:58,524 - INFO - ✅ 已處理: 8000/76183 (成功: 7999, 失敗: 1)
2025-12-02 07:10:52,695 - INFO - ✅ 已處理: 9000/76183 (成功: 8999, 失敗: 1)
2025-12-02 07:11:47,293 - INFO - ✅ 已處理: 10000/76183 (成功: 9999, 失敗: 1)
2025-12-02 07:13:17,722 - INFO - 📂 讀取檔案: /home/aru/AI_LAW/04_向量化與索引/structured_summaries_with_chunks.jsonl
2025-12-02 07:13:17,722 - INFO - ✅ 已連接到 Neo4j: neo4j+s://9af962f9.databases.neo4j.io
2025-12-02 07:13:17,742 - INFO - 📊 開始處理 76183 個 chunks
2025-12-02 07:13:29,537 - ERROR - ❌ JSON 解析錯誤 (第 216 行): Expecting value: line 1 column 1 (char 0)
2025-12-02 07:14:13,711 - INFO - ✅ 已處理: 1000/76183 (成功: 985, 失敗: 15)
2025-12-02 07:15:09,811 - INFO - ✅ 已處理: 2000/76183 (成功: 1985, 失敗: 15)
2025-12-02 07:16:09,372 - INFO - ✅ 已處理: 3000/76183 (成功: 2985, 失敗: 15)
2025-12-02 07:17:34,290 - INFO - ✅ 已處理: 4000/76183 (成功: 3985, 失敗: 15)
2025-12-02 07:18:29,101 - INFO - ✅ 已處理: 5000/76183 (成功: 4985, 失敗: 15)
2025-12-02 07:19:24,592 - INFO - ✅ 已處理: 6000/76183 (成功: 5985, 失敗: 15)
2025-12-02 07:20:20,766 - INFO - ✅ 已處理: 7000/76183 (成功: 6985, 失敗: 15)
2025-12-02 07:21:17,057 - INFO - ✅ 已處理: 8000/76183 (成功: 7985, 失敗: 15)
2025-12-02 07:22:12,441 - INFO - ✅ 已處理: 9000/76183 (成功: 8985, 失敗: 15)
2025-12-02 07:23:08,029 - INFO - ✅ 已處理: 10000/76183 (成功: 9985, 失敗: 15)
2025-12-02 07:24:03,532 - INFO - ✅ 已處理: 11000/76183 (成功: 10985, 失敗: 15)
2025-12-02 07:24:59,644 - INFO - ✅ 已處理: 12000/76183 (成功: 11985, 失敗: 15)
2025-12-02 07:25:56,192 - INFO - ✅ 已處理: 13000/76183 (成功: 12985, 失敗: 15)
2025-12-02 07:26:52,974 - INFO - ✅ 已處理: 14000/76183 (成功: 13985, 失敗: 15)
2025-12-02 07:27:48,668 - INFO - ✅ 已處理: 15000/76183 (成功: 14985, 失敗: 15)
2025-12-02 07:28:44,640 - INFO - ✅ 已處理: 16000/76183 (成功: 15985, 失敗: 15)
2025-12-02 07:29:40,834 - INFO - ✅ 已處理: 17000/76183 (成功: 16985, 失敗: 15)
2025-12-02 07:30:36,053 - INFO - ✅ 已處理: 18000/76183 (成功: 17985, 失敗: 15)
2025-12-02 07:31:32,029 - INFO - ✅ 已處理: 19000/76183 (成功: 18985, 失敗: 15)
2025-12-02 07:32:27,197 - INFO - ✅ 已處理: 20000/76183 (成功: 19985, 失敗: 15)
2025-12-02 07:33:22,063 - INFO - ✅ 已處理: 21000/76183 (成功: 20985, 失敗: 15)
2025-12-02 07:34:16,263 - INFO - ✅ 已處理: 22000/76183 (成功: 21985, 失敗: 15)
2025-12-02 07:35:10,839 - INFO - ✅ 已處理: 23000/76183 (成功: 22985, 失敗: 15)
2025-12-02 07:36:05,893 - INFO - ✅ 已處理: 24000/76183 (成功: 23985, 失敗: 15)
2025-12-02 07:37:00,590 - INFO - ✅ 已處理: 25000/76183 (成功: 24985, 失敗: 15)
2025-12-02 07:37:56,064 - INFO - ✅ 已處理: 26000/76183 (成功: 25985, 失敗: 15)
2025-12-02 07:38:51,147 - INFO - ✅ 已處理: 27000/76183 (成功: 26985, 失敗: 15)
2025-12-02 07:39:46,762 - INFO - ✅ 已處理: 28000/76183 (成功: 27985, 失敗: 15)
2025-12-02 07:40:42,100 - INFO - ✅ 已處理: 29000/76183 (成功: 28985, 失敗: 15)
2025-12-02 07:41:37,261 - INFO - ✅ 已處理: 30000/76183 (成功: 29985, 失敗: 15)
2025-12-02 07:42:33,064 - INFO - ✅ 已處理: 31000/76183 (成功: 30985, 失敗: 15)
2025-12-02 07:43:28,077 - INFO - ✅ 已處理: 32000/76183 (成功: 31985, 失敗: 15)
2025-12-02 07:44:23,201 - INFO - ✅ 已處理: 33000/76183 (成功: 32985, 失敗: 15)
2025-12-02 07:45:18,460 - INFO - ✅ 已處理: 34000/76183 (成功: 33985, 失敗: 15)
2025-12-02 07:46:13,538 - INFO - ✅ 已處理: 35000/76183 (成功: 34985, 失敗: 15)
2025-12-02 07:47:08,429 - INFO - ✅ 已處理: 36000/76183 (成功: 35985, 失敗: 15)
2025-12-02 07:48:03,214 - INFO - ✅ 已處理: 37000/76183 (成功: 36985, 失敗: 15)
2025-12-02 07:48:58,858 - INFO - ✅ 已處理: 38000/76183 (成功: 37985, 失敗: 15)
2025-12-02 07:49:54,185 - INFO - ✅ 已處理: 39000/76183 (成功: 38985, 失敗: 15)
2025-12-02 07:50:49,729 - INFO - ✅ 已處理: 40000/76183 (成功: 39985, 失敗: 15)
2025-12-02 07:51:44,712 - INFO - ✅ 已處理: 41000/76183 (成功: 40985, 失敗: 15)
2025-12-02 07:52:39,634 - INFO - ✅ 已處理: 42000/76183 (成功: 41985, 失敗: 15)
2025-12-02 07:53:34,082 - INFO - ✅ 已處理: 43000/76183 (成功: 42985, 失敗: 15)
2025-12-02 07:54:28,734 - INFO - ✅ 已處理: 44000/76183 (成功: 43985, 失敗: 15)
2025-12-02 07:55:22,988 - INFO - ✅ 已處理: 45000/76183 (成功: 44985, 失敗: 15)
2025-12-02 07:56:17,450 - INFO - ✅ 已處理: 46000/76183 (成功: 45985, 失敗: 15)
2025-12-02 07:57:12,056 - INFO - ✅ 已處理: 47000/76183 (成功: 46985, 失敗: 15)
2025-12-02 07:58:06,446 - INFO - ✅ 已處理: 48000/76183 (成功: 47985, 失敗: 15)
2025-12-02 07:59:00,716 - INFO - ✅ 已處理: 49000/76183 (成功: 48985, 失敗: 15)
2025-12-02 07:59:54,970 - INFO - ✅ 已處理: 50000/76183 (成功: 49985, 失敗: 15)
2025-12-02 08:00:50,286 - INFO - ✅ 已處理: 51000/76183 (成功: 50985, 失敗: 15)
2025-12-02 08:01:44,876 - INFO - ✅ 已處理: 52000/76183 (成功: 51985, 失敗: 15)
2025-12-02 08:02:39,377 - INFO - ✅ 已處理: 53000/76183 (成功: 52985, 失敗: 15)
2025-12-02 08:03:34,663 - INFO - ✅ 已處理: 54000/76183 (成功: 53985, 失敗: 15)
2025-12-02 08:04:28,609 - INFO - ✅ 已處理: 55000/76183 (成功: 54985, 失敗: 15)
2025-12-02 08:05:22,935 - INFO - ✅ 已處理: 56000/76183 (成功: 55985, 失敗: 15)
2025-12-02 08:06:17,237 - INFO - ✅ 已處理: 57000/76183 (成功: 56985, 失敗: 15)
2025-12-02 08:07:11,657 - INFO - ✅ 已處理: 58000/76183 (成功: 57985, 失敗: 15)
2025-12-02 08:08:05,822 - INFO - ✅ 已處理: 59000/76183 (成功: 58985, 失敗: 15)
2025-12-02 08:09:01,314 - INFO - ✅ 已處理: 60000/76183 (成功: 59985, 失敗: 15)
2025-12-02 08:09:56,329 - INFO - ✅ 已處理: 61000/76183 (成功: 60985, 失敗: 15)
2025-12-02 08:10:50,792 - INFO - ✅ 已處理: 62000/76183 (成功: 61985, 失敗: 15)
2025-12-02 08:11:45,510 - INFO - ✅ 已處理: 63000/76183 (成功: 62985, 失敗: 15)
2025-12-02 08:12:40,457 - INFO - ✅ 已處理: 64000/76183 (成功: 63985, 失敗: 15)
2025-12-02 08:13:35,517 - INFO - ✅ 已處理: 65000/76183 (成功: 64985, 失敗: 15)
2025-12-02 08:14:31,753 - INFO - ✅ 已處理: 66000/76183 (成功: 65985, 失敗: 15)
2025-12-02 08:15:27,818 - INFO - ✅ 已處理: 67000/76183 (成功: 66985, 失敗: 15)
2025-12-02 08:16:24,291 - INFO - ✅ 已處理: 68000/76183 (成功: 67985, 失敗: 15)
2025-12-02 08:17:20,280 - INFO - ✅ 已處理: 69000/76183 (成功: 68985, 失敗: 15)
2025-12-02 08:18:15,992 - INFO - ✅ 已處理: 70000/76183 (成功: 69985, 失敗: 15)
2025-12-02 08:19:36,397 - INFO - ✅ 已處理: 71000/76183 (成功: 70985, 失敗: 15)
2025-12-02 08:20:32,564 - INFO - ✅ 已處理: 72000/76183 (成功: 71985, 失敗: 15)
2025-12-02 08:21:28,163 - INFO - ✅ 已處理: 73000/76183 (成功: 72985, 失敗: 15)
2025-12-02 08:22:23,195 - INFO - ✅ 已處理: 74000/76183 (成功: 73985, 失敗: 15)
2025-12-02 08:23:18,094 - INFO - ✅ 已處理: 75000/76183 (成功: 74985, 失敗: 15)
2025-12-02 08:24:13,256 - INFO - ✅ 已處理: 76000/76183 (成功: 75985, 失敗: 15)
2025-12-02 08:24:23,311 - INFO - 
        ━━━━━━━━━━━━━━━━━━━━━━━━━━━━━━
        🎉 處理完成！
        ━━━━━━━━━━━━━━━━━━━━━━━━━━━━━━
        ✅ 成功建立: 76168 個節點
        ❌ 失敗: 15 個
        📊 總計: 76183 個 chunks
        ━━━━━━━━━━━━━━━━━━━━━━━━━━━━━━
        
2025-12-02 08:24:23,389 - INFO - 
📊 Detail 節點統計：
2025-12-02 08:24:23,613 - INFO -   LawDetail: 29,918 個
2025-12-02 08:24:23,614 - INFO -   CompensationDetail: 34,730 個
2025-12-02 08:24:23,614 - INFO -   FactDetail: 11,520 個
2025-12-02 08:24:24,028 - INFO - ✅ 所有 Detail 節點都已正確連接
2025-12-02 08:24:24,028 - INFO - 🔌 已關閉 Neo4j 連接
2025-12-02 08:24:24,028 - INFO - 🎉 完成！
