2025-12-03 04:21:08,658 - INFO - ✅ 已連接到 Neo4j: neo4j+s://9af962f9.databases.neo4j.io
2025-12-03 04:21:08,658 - INFO - 📂 讀取檔案: /home/aru/AI_LAW/09_輸入輸出資料/整合_起訴書_四段(FINAL)_6057.xlsx
2025-12-03 04:21:09,043 - INFO - 📊 共有 6057 個案件
2025-12-03 04:22:36,278 - INFO - ✅ 已處理 500/6057 個案件，建立 1567 個 LawDetail 節點
2025-12-03 04:24:00,886 - INFO - ✅ 已處理 1000/6057 個案件，建立 3115 個 LawDetail 節點
2025-12-03 04:25:36,668 - INFO - ✅ 已處理 1500/6057 個案件，建立 4889 個 LawDetail 節點
2025-12-03 04:27:13,468 - INFO - ✅ 已處理 2000/6057 個案件，建立 6691 個 LawDetail 節點
2025-12-03 04:28:56,448 - INFO - ✅ 已處理 2500/6057 個案件，建立 8622 個 LawDetail 節點
2025-12-03 04:30:41,112 - INFO - ✅ 已處理 3000/6057 個案件，建立 10545 個 LawDetail 節點
2025-12-03 04:32:30,695 - INFO - ✅ 已處理 3500/6057 個案件，建立 12581 個 LawDetail 節點
2025-12-03 04:34:21,406 - INFO - ✅ 已處理 4000/6057 個案件，建立 14641 個 LawDetail 節點
2025-12-03 04:36:13,413 - INFO - ✅ 已處理 4500/6057 個案件，建立 16714 個 LawDetail 節點
2025-12-03 04:38:09,338 - INFO - ✅ 已處理 5000/6057 個案件，建立 18825 個 LawDetail 節點
2025-12-03 04:40:05,842 - INFO - ✅ 已處理 5500/6057 個案件，建立 20951 個 LawDetail 節點
2025-12-03 04:42:04,602 - INFO - ✅ 已處理 6000/6057 個案件，建立 23121 個 LawDetail 節點
2025-12-03 04:42:18,187 - INFO - 
        ━━━━━━━━━━━━━━━━━━━━━━━━━━━━━━
        🎉 處理完成！
        ━━━━━━━━━━━━━━━━━━━━━━━━━━━━━━
        ✅ 成功建立: 23,371 個 LawDetail 節點
        ❌ 失敗: 0 個
        📊 總計處理: 23,371 個法條命中
        ━━━━━━━━━━━━━━━━━━━━━━━━━━━━━━
        
2025-12-03 04:42:18,273 - INFO - 
📊 LawDetail 節點總數: 23,371 個
2025-12-03 04:42:18,379 - INFO - 
📊 各法條的節點數量：
2025-12-03 04:42:18,410 - INFO -   民法第184條第1項前段: 6,053 個
2025-12-03 04:42:18,410 - INFO -   民法第195條第1項前段: 5,978 個
2025-12-03 04:42:18,410 - INFO -   民法第191條之2: 5,645 個
2025-12-03 04:42:18,410 - INFO -   民法第193條第1項: 4,439 個
2025-12-03 04:42:18,410 - INFO -   民法第188條第1項: 725 個
2025-12-03 04:42:18,410 - INFO -   民法第187條第1項: 228 個
2025-12-03 04:42:18,410 - INFO -   民法第185條第1項: 221 個
2025-12-03 04:42:18,410 - INFO -   民法第217條第1項: 55 個
2025-12-03 04:42:18,410 - INFO -   民法第190條第1項: 14 個
2025-12-03 04:42:18,410 - INFO -   民法第213條第1項: 9 個
2025-12-03 04:42:18,411 - INFO -   民法第216條第1項: 4 個
2025-12-03 04:42:18,581 - INFO - ✅ 所有 LawDetail 節點都已正確連接
2025-12-03 04:42:18,581 - INFO - 🔌 已關閉 Neo4j 連接
2025-12-03 04:42:18,581 - INFO - 🎉 完成！
